============================= test session starts =============================
platform win32 -- Python 3.13.12, pytest-9.0.2, pluggy-1.6.0 -- E:\bill_generation_backend\venv\Scripts\python.exe
cachedir: .pytest_cache
rootdir: E:\bill_generation_backend
configfile: pytest.ini
plugins: anyio-4.12.1, asyncio-1.3.0
asyncio: mode=Mode.AUTO, debug=False, asyncio_default_fixture_loop_scope=None, asyncio_default_test_loop_scope=function
collecting ... collected 33 items

tests/test_auth_api.py::TestUserRegistration::test_register_success PASSED [  3%]
tests/test_auth_api.py::TestUserRegistration::test_register_duplicate_email PASSED [  6%]
tests/test_auth_api.py::TestUserRegistration::test_register_weak_password PASSED [  9%]
tests/test_auth_api.py::TestUserRegistration::test_register_invalid_email PASSED [ 12%]
tests/test_auth_api.py::TestUserLogin::test_login_success PASSED         [ 15%]
tests/test_auth_api.py::TestUserLogin::test_login_wrong_password PASSED  [ 18%]
tests/test_auth_api.py::TestUserLogin::test_login_nonexistent_user PASSED [ 21%]
tests/test_auth_api.py::TestGetCurrentUser::test_get_me_authenticated PASSED [ 24%]
tests/test_auth_api.py::TestGetCurrentUser::test_get_me_unauthenticated PASSED [ 27%]
tests/test_auth_api.py::TestRefreshToken::test_refresh_token PASSED      [ 30%]
tests/test_auth_api.py::TestRefreshToken::test_refresh_with_invalid_token PASSED [ 33%]
tests/test_auth_service.py::TestPasswordHashing::test_hash_password_returns_hash PASSED [ 36%]
tests/test_auth_service.py::TestPasswordHashing::test_verify_correct_password PASSED [ 39%]
tests/test_auth_service.py::TestPasswordHashing::test_verify_wrong_password PASSED [ 42%]
tests/test_auth_service.py::TestPasswordHashing::test_different_passwords_different_hashes PASSED [ 45%]
tests/test_auth_service.py::TestJWTTokens::test_create_access_token PASSED [ 48%]
tests/test_auth_service.py::TestJWTTokens::test_decode_access_token PASSED [ 51%]
tests/test_auth_service.py::TestJWTTokens::test_create_refresh_token PASSED [ 54%]
tests/test_auth_service.py::TestJWTTokens::test_decode_invalid_token PASSED [ 57%]
tests/test_auth_service.py::TestJWTTokens::test_password_reset_token PASSED [ 60%]
tests/test_auth_service.py::TestJWTTokens::test_email_verification_token PASSED [ 63%]
tests/test_bills_api.py::TestCreateBill::test_create_bill_success PASSED [ 66%]
tests/test_bills_api.py::TestCreateBill::test_create_bill_unauthenticated PASSED [ 69%]
tests/test_bills_api.py::TestCreateBill::test_create_bill_negative_amount PASSED [ 72%]
tests/test_bills_api.py::TestGetBills::test_get_bills_empty PASSED       [ 75%]
tests/test_bills_api.py::TestGetBills::test_get_bills_with_data PASSED   [ 78%]
tests/test_bills_api.py::TestGetBills::test_get_bills_pagination PASSED  [ 81%]
tests/test_bills_api.py::TestGetBillById::test_get_bill_by_id PASSED     [ 84%]
tests/test_bills_api.py::TestGetBillById::test_get_nonexistent_bill PASSED [ 87%]
tests/test_bills_api.py::TestUpdateBill::test_update_bill PASSED         [ 90%]
tests/test_bills_api.py::TestDeleteBill::test_delete_bill PASSED         [ 93%]
tests/test_bills_api.py::TestMarkBillPaid::test_mark_bill_as_paid PASSED [ 96%]
tests/test_bills_api.py::TestMarkBillPaid::test_mark_already_paid_bill PASSED [100%]

============================= 33 passed in 50.41s =============================
